# migrate-layout — 2026-07-02T15:45:33.542Z
renames: 269 · collisions resolved: 0 · skipped: 0

## Renames (269)
  loom/chordflow/core-host-split/core-host-split-design.md → loom/chordflow/core-host-split/design.md
  loom/chordflow/core-host-split/core-host-split-idea.md → loom/chordflow/core-host-split/idea.md
  loom/chordflow/core-host-split/plans/core-host-split-plan-001.md → loom/chordflow/core-host-split/plans/plan-001.md
  loom/chordflow/core-host-split/done/pl_01KTS51HQ69AEZASGY4KN1BH0N-done.md → loom/chordflow/core-host-split/done/plan-001-done.md
  loom/chordflow/domain-to-music-rename/domain-to-music-rename-design.md → loom/chordflow/domain-to-music-rename/design.md
  loom/chordflow/domain-to-music-rename/domain-to-music-rename-idea.md → loom/chordflow/domain-to-music-rename/idea.md
  loom/chordflow/domain-to-music-rename/plans/domain-to-music-rename-plan-001.md → loom/chordflow/domain-to-music-rename/plans/plan-001.md
  loom/chordflow/domain-to-music-rename/chats/domain-to-music-rename-chat-001.md → loom/chordflow/domain-to-music-rename/chats/chat-001.md
  loom/chordflow/instrument-rendering/instrument-rendering-idea.md → loom/chordflow/instrument-rendering/idea.md
  loom/chordflow/music-theory-to-data-structures/music-theory-to-data-structures-design.md → loom/chordflow/music-theory-to-data-structures/design.md
  loom/chordflow/music-theory-to-data-structures/plans/music-theory-to-data-structures-plan-001.md → loom/chordflow/music-theory-to-data-structures/plans/plan-001.md
  loom/chordflow/music-theory-to-data-structures/done/pl_01KTM0Z0RPTP75F7CWBCZC8AZ1-done.md → loom/chordflow/music-theory-to-data-structures/done/plan-001-done.md
  loom/chordflow/music-theory-to-data-structures/chats/music-theory-to-data-structures-chat-001.md → loom/chordflow/music-theory-to-data-structures/chats/chat-001.md
  loom/chordflow/mvp/mvp-design.md → loom/chordflow/mvp/design.md
  loom/chordflow/mvp/mvp-idea.md → loom/chordflow/mvp/idea.md
  loom/chordflow/mvp/plans/mvp-plan-001.md → loom/chordflow/mvp/plans/plan-001.md
  loom/chordflow/mvp/plans/mvp-plan-002.md → loom/chordflow/mvp/plans/plan-002.md
  loom/chordflow/mvp/plans/mvp-plan-003.md → loom/chordflow/mvp/plans/plan-003.md
  loom/chordflow/mvp/plans/mvp-plan-004.md → loom/chordflow/mvp/plans/plan-004.md
  loom/chordflow/mvp/done/pl_01KTHKHSCQE2D3CZFRHQG6KVPD-done.md → loom/chordflow/mvp/done/plan-001-done.md
  loom/chordflow/mvp/done/pl_01KTHKHV1JHQFMRMJWBG5HRZHA-done.md → loom/chordflow/mvp/done/plan-002-done.md
  loom/chordflow/mvp/done/pl_01KTKBD869200M81FCSWES0Q8A-done.md → loom/chordflow/mvp/done/plan-004-done.md
  loom/chordflow/mvp/chats/mvp-chat-002.md → loom/chordflow/mvp/chats/chat-002.md
  loom/chordflow/mvp/chats/mvp-chat-003.md → loom/chordflow/mvp/chats/chat-003.md
  loom/docs/developed-using-loom/chats/developed-using-loom-chat-001.md → loom/docs/developed-using-loom/chats/chat-001.md
  loom/docs/user-guide/user-guide-design.md → loom/docs/user-guide/design.md
  loom/docs/user-guide/user-guide-idea.md → loom/docs/user-guide/idea.md
  loom/docs/user-guide/plans/user-guide-plan-001.md → loom/docs/user-guide/plans/plan-001.md
  loom/docs/user-guide/done/pl_01KVNGT653V1GCF27E4Q4NX3HH-done.md → loom/docs/user-guide/done/plan-001-done.md
  loom/docs/user-guide/chats/user-guide-chat-001.md → loom/docs/user-guide/chats/chat-001.md
  loom/domain/anacrusis/anacrusis-design.md → loom/domain/anacrusis/design.md
  loom/domain/anacrusis/anacrusis-idea.md → loom/domain/anacrusis/idea.md
  loom/domain/anacrusis/plans/anacrusis-plan-001.md → loom/domain/anacrusis/plans/plan-001.md
  loom/domain/anacrusis/done/pl_01KVQCV5MFQEFGG56QX6JE5A3J-done.md → loom/domain/anacrusis/done/plan-001-done.md
  loom/domain/anacrusis/chats/anacrusis-chat-001.md → loom/domain/anacrusis/chats/chat-001.md
  loom/domain/chord-qualities/chord-qualities-design.md → loom/domain/chord-qualities/design.md
  loom/domain/chord-qualities/chord-qualities-idea.md → loom/domain/chord-qualities/idea.md
  loom/domain/chord-qualities/plans/chord-qualities-plan-001.md → loom/domain/chord-qualities/plans/plan-001.md
  loom/domain/chord-qualities/done/pl_01KVJYYX38ZX36V4901FBS0R4W-done.md → loom/domain/chord-qualities/done/plan-001-done.md
  loom/domain/chord-qualities/chats/chord-qualities-chat-001.md → loom/domain/chord-qualities/chats/chat-001.md
  loom/domain/chromatic-degrees/chromatic-degrees-design.md → loom/domain/chromatic-degrees/design.md
  loom/domain/chromatic-degrees/chromatic-degrees-idea.md → loom/domain/chromatic-degrees/idea.md
  loom/domain/chromatic-degrees/plans/chromatic-degrees-plan-001.md → loom/domain/chromatic-degrees/plans/plan-001.md
  loom/domain/chromatic-degrees/chats/chromatic-degrees-chat-001.md → loom/domain/chromatic-degrees/chats/chat-001.md
  loom/domain/intervals/intervals-design.md → loom/domain/intervals/design.md
  loom/domain/intervals/intervals-idea.md → loom/domain/intervals/idea.md
  loom/domain/intervals/plans/intervals-plan-001.md → loom/domain/intervals/plans/plan-001.md
  loom/domain/intervals/done/pl_01KVFCBHR461J9CQ6B1NFKY52Y-done.md → loom/domain/intervals/done/plan-001-done.md
  loom/domain/intervals/chats/intervals-chat-001.md → loom/domain/intervals/chats/chat-001.md
  loom/domain/multi-bar/multi-bar-idea.md → loom/domain/multi-bar/idea.md
  loom/domain/multi-bar/chats/multi-bar-chat-001.md → loom/domain/multi-bar/chats/chat-001.md
  loom/domain/progression/progression-design.md → loom/domain/progression/design.md
  loom/domain/progression/progression-idea.md → loom/domain/progression/idea.md
  loom/domain/progression/plans/progression-plan-001.md → loom/domain/progression/plans/plan-001.md
  loom/domain/progression/done/pl_01KTP2EG1HXQXR7DKM0G8QCHTP-done.md → loom/domain/progression/done/plan-001-done.md
  loom/domain/progression/chats/progression-chat-001.md → loom/domain/progression/chats/chat-001.md
  loom/domain/progression/chats/progression-chat-002.md → loom/domain/progression/chats/chat-002.md
  loom/domain/progression/chats/progression-chat-003.md → loom/domain/progression/chats/chat-003.md
  loom/domain/rhythm/rhythm-design.md → loom/domain/rhythm/design.md
  loom/domain/rhythm/rhythm-idea.md → loom/domain/rhythm/idea.md
  loom/domain/rhythm/plans/rhythm-plan-001.md → loom/domain/rhythm/plans/plan-001.md
  loom/domain/rhythm/plans/rhythm-plan-002.md → loom/domain/rhythm/plans/plan-002.md
  loom/domain/rhythm/done/pl_01KTXTT2HTACTHQDK6VSVC425D-done.md → loom/domain/rhythm/done/plan-001-done.md
  loom/domain/rhythm/done/pl_01KTY962NNT74YZ51BA87CFJJB-done.md → loom/domain/rhythm/done/plan-002-done.md
  loom/domain/rhythm/chats/rhythm-chat-001.md → loom/domain/rhythm/chats/chat-001.md
  loom/domain/rhythm/chats/rhythm-chat-002.md → loom/domain/rhythm/chats/chat-002.md
  loom/domain/rhythm/chats/rhythm-chat-003.md → loom/domain/rhythm/chats/chat-003.md
  loom/domain/rhythm-notation/rhythm-notation-design.md → loom/domain/rhythm-notation/design.md
  loom/domain/rhythm-notation/rhythm-notation-idea.md → loom/domain/rhythm-notation/idea.md
  loom/domain/rhythm-notation/plans/rhythm-notation-plan-001.md → loom/domain/rhythm-notation/plans/plan-001.md
  loom/domain/rhythm-notation/done/pl_01KVWA3WWN0R5FBW6N8G5SZATF-done.md → loom/domain/rhythm-notation/done/plan-001-done.md
  loom/domain/rhythm-notation/chats/rhythm-notation-chat-001.md → loom/domain/rhythm-notation/chats/chat-001.md
  loom/domain/song/song-design.md → loom/domain/song/design.md
  loom/domain/song/song-idea.md → loom/domain/song/idea.md
  loom/domain/song/plans/song-plan-001.md → loom/domain/song/plans/plan-001.md
  loom/domain/song/done/pl_01KTXQD6EYEV6FVZJET4K7E4FB-done.md → loom/domain/song/done/plan-001-done.md
  loom/domain/song/chats/song-chat-001.md → loom/domain/song/chats/chat-001.md
  loom/domain/song/chats/song-chat-002.md → loom/domain/song/chats/chat-002.md
  loom/domain/song/chats/song-chat-003.md → loom/domain/song/chats/chat-003.md
  loom/domain/song-default-feel/song-default-feel-idea.md → loom/domain/song-default-feel/idea.md
  loom/domain/transforms/transforms-design.md → loom/domain/transforms/design.md
  loom/domain/transforms/transforms-idea.md → loom/domain/transforms/idea.md
  loom/domain/transforms/plans/transforms-plan-001.md → loom/domain/transforms/plans/plan-001.md
  loom/domain/transforms/done/pl_01KVQ2WH0K3H9WQYDEWMK48R5Z-done.md → loom/domain/transforms/done/plan-001-done.md
  loom/domain/transforms/chats/transforms-chat-001.md → loom/domain/transforms/chats/chat-001.md
  loom/domain/triplet-feel/triplet-feel-design.md → loom/domain/triplet-feel/design.md
  loom/domain/triplet-feel/triplet-feel-idea.md → loom/domain/triplet-feel/idea.md
  loom/domain/triplet-feel/plans/triplet-feel-plan-001.md → loom/domain/triplet-feel/plans/plan-001.md
  loom/domain/triplet-feel/done/pl_01KVR91RMYBGE0Y1E0TVAEC6HK-done.md → loom/domain/triplet-feel/done/plan-001-done.md
  loom/domain/triplet-feel/chats/triplet-feel-chat-001.md → loom/domain/triplet-feel/chats/chat-001.md
  loom/exercises/exercises-definition-ui/exercises-definition-ui-design.md → loom/exercises/exercises-definition-ui/design.md
  loom/exercises/exercises-definition-ui/exercises-definition-ui-idea.md → loom/exercises/exercises-definition-ui/idea.md
  loom/exercises/exercises-definition-ui/plans/exercises-definition-ui-plan-001.md → loom/exercises/exercises-definition-ui/plans/plan-001.md
  loom/exercises/exercises-definition-ui/done/pl_01KV6482DNFNKGX8R1MPMV6DXG-done.md → loom/exercises/exercises-definition-ui/done/plan-001-done.md
  loom/exercises/exercises-definition-ui/chats/exercises-definition-ui-chat-001.md → loom/exercises/exercises-definition-ui/chats/chat-001.md
  loom/exercises/exercises-definition-ui/chats/exercises-definition-ui-chat-002.md → loom/exercises/exercises-definition-ui/chats/chat-002.md
  loom/guitar/caged-derive-anchor-edge/caged-derive-anchor-edge-idea.md → loom/guitar/caged-derive-anchor-edge/idea.md
  loom/guitar/caged-sixth-voicings/caged-sixth-voicings-design.md → loom/guitar/caged-sixth-voicings/design.md
  loom/guitar/caged-sixth-voicings/caged-sixth-voicings-idea.md → loom/guitar/caged-sixth-voicings/idea.md
  loom/guitar/caged-sixth-voicings/plans/caged-sixth-voicings-plan-001.md → loom/guitar/caged-sixth-voicings/plans/plan-001.md
  loom/guitar/caged-sixth-voicings/done/pl_01KW2GBV0668GBT59RDW1PAX3G-done.md → loom/guitar/caged-sixth-voicings/done/plan-001-done.md
  loom/guitar/caged-sixth-voicings/chats/caged-sixth-voicings-chat-001.md → loom/guitar/caged-sixth-voicings/chats/chat-001.md
  loom/guitar/caged-system/caged-system-design.md → loom/guitar/caged-system/design.md
  loom/guitar/caged-system/caged-system-idea.md → loom/guitar/caged-system/idea.md
  loom/guitar/caged-system/plans/caged-system-plan-001.md → loom/guitar/caged-system/plans/plan-001.md
  loom/guitar/caged-system/done/pl_01KVK6A9EVKMXY5ZTWAQKKSEZR-done.md → loom/guitar/caged-system/done/plan-001-done.md
  loom/guitar/caged-system/chats/caged-system-chat-001.md → loom/guitar/caged-system/chats/chat-001.md
  loom/guitar/caged-system/chats/caged-system-chat-002.md → loom/guitar/caged-system/chats/chat-002.md
  loom/guitar/content-source-model/content-source-model-design.md → loom/guitar/content-source-model/design.md
  loom/guitar/content-source-model/content-source-model-idea.md → loom/guitar/content-source-model/idea.md
  loom/guitar/content-source-model/plans/content-source-model-plan-001.md → loom/guitar/content-source-model/plans/plan-001.md
  loom/guitar/content-source-model/done/pl_01KVZHRZZS5RF1Z8GQV3FFA479-done.md → loom/guitar/content-source-model/done/plan-001-done.md
  loom/guitar/content-source-model/chats/content-source-model-chat-001.md → loom/guitar/content-source-model/chats/chat-001.md
  loom/guitar/engine-derived-as-app-source/engine-derived-as-app-source-design.md → loom/guitar/engine-derived-as-app-source/design.md
  loom/guitar/engine-derived-as-app-source/engine-derived-as-app-source-idea.md → loom/guitar/engine-derived-as-app-source/idea.md
  loom/guitar/engine-derived-as-app-source/plans/engine-derived-as-app-source-plan-001.md → loom/guitar/engine-derived-as-app-source/plans/plan-001.md
  loom/guitar/engine-derived-as-app-source/plans/engine-derived-as-app-source-plan-002.md → loom/guitar/engine-derived-as-app-source/plans/plan-002.md
  loom/guitar/engine-derived-as-app-source/done/pl_01KVZYFBK1NWG8P2VA8R8K83AE-done.md → loom/guitar/engine-derived-as-app-source/done/plan-001-done.md
  loom/guitar/engine-derived-as-app-source/done/pl_01KW0FP6EG5Y4P6C6SZY4R501W-done.md → loom/guitar/engine-derived-as-app-source/done/plan-002-done.md
  loom/guitar/engine-derived-as-app-source/chats/engine-derived-as-app-source-chat-001.md → loom/guitar/engine-derived-as-app-source/chats/chat-001.md
  loom/guitar/engine-derived-as-app-source/chats/engine-derived-as-app-source-chat-002.md → loom/guitar/engine-derived-as-app-source/chats/chat-002.md
  loom/guitar/explicit-voicing-reference/explicit-voicing-reference-idea.md → loom/guitar/explicit-voicing-reference/idea.md
  loom/guitar/guitar-voicings/guitar-voicings-design.md → loom/guitar/guitar-voicings/design.md
  loom/guitar/guitar-voicings/guitar-voicings-idea.md → loom/guitar/guitar-voicings/idea.md
  loom/guitar/guitar-voicings/plans/guitar-voicings-plan-001.md → loom/guitar/guitar-voicings/plans/plan-001.md
  loom/guitar/guitar-voicings/done/pl_01KTZWZPKHS2BHNAR7RABZPDDX-done.md → loom/guitar/guitar-voicings/done/plan-001-done.md
  loom/guitar/guitar-voicings/chats/guitar-voicings-chat-001.md → loom/guitar/guitar-voicings/chats/chat-001.md
  loom/guitar/instrument-boundary/instrument-boundary-design.md → loom/guitar/instrument-boundary/design.md
  loom/guitar/instrument-boundary/instrument-boundary-idea.md → loom/guitar/instrument-boundary/idea.md
  loom/guitar/instrument-boundary/plans/instrument-boundary-plan-001.md → loom/guitar/instrument-boundary/plans/plan-001.md
  loom/guitar/instrument-boundary/done/pl_01KVEBP4AN05RVNZPY599JQ3KR-done.md → loom/guitar/instrument-boundary/done/plan-001-done.md
  loom/guitar/instrument-boundary/chats/instrument-boundary-chat-001.md → loom/guitar/instrument-boundary/chats/chat-001.md
  loom/guitar/interval-lattice/interval-lattice-design.md → loom/guitar/interval-lattice/design.md
  loom/guitar/interval-lattice/interval-lattice-idea.md → loom/guitar/interval-lattice/idea.md
  loom/guitar/interval-lattice/plans/interval-lattice-plan-001.md → loom/guitar/interval-lattice/plans/plan-001.md
  loom/guitar/interval-lattice/done/pl_01KVGJYB6CSG4XS6DDJYB90NBW-done.md → loom/guitar/interval-lattice/done/plan-001-done.md
  loom/guitar/interval-lattice/chats/interval-lattice-chat-001.md → loom/guitar/interval-lattice/chats/chat-001.md
  loom/guitar/octave-shapes/octave-shapes-design.md → loom/guitar/octave-shapes/design.md
  loom/guitar/octave-shapes/octave-shapes-idea.md → loom/guitar/octave-shapes/idea.md
  loom/guitar/octave-shapes/plans/octave-shapes-plan-001.md → loom/guitar/octave-shapes/plans/plan-001.md
  loom/guitar/octave-shapes/done/pl_01KVJ7N2RMCM2M8BJ6BDC704A1-done.md → loom/guitar/octave-shapes/done/plan-001-done.md
  loom/guitar/octave-shapes/chats/octave-shapes-chat-001.md → loom/guitar/octave-shapes/chats/chat-001.md
  loom/guitar/octave-shapes/chats/octave-shapes-chat-002.md → loom/guitar/octave-shapes/chats/chat-002.md
  loom/guitar/scale-arpeggio-tone-functions/scale-arpeggio-tone-functions-idea.md → loom/guitar/scale-arpeggio-tone-functions/idea.md
  loom/guitar/shell-voicing-derivation/shell-voicing-derivation-design.md → loom/guitar/shell-voicing-derivation/design.md
  loom/guitar/shell-voicing-derivation/shell-voicing-derivation-idea.md → loom/guitar/shell-voicing-derivation/idea.md
  loom/guitar/shell-voicing-derivation/plans/shell-voicing-derivation-plan-001.md → loom/guitar/shell-voicing-derivation/plans/plan-001.md
  loom/guitar/shell-voicing-derivation/done/pl_01KW4G5AP5V1K4P17M0CB03118-done.md → loom/guitar/shell-voicing-derivation/done/plan-001-done.md
  loom/guitar/shell-voicing-derivation/chats/shell-voicing-derivation-chat-001.md → loom/guitar/shell-voicing-derivation/chats/chat-001.md
  loom/guitar/voicing-difficulty-bands/voicing-difficulty-bands-idea.md → loom/guitar/voicing-difficulty-bands/idea.md
  loom/guitar/voicing-difficulty-bands/chats/voicing-difficulty-bands-chat-001.md → loom/guitar/voicing-difficulty-bands/chats/chat-001.md
  loom/guitar/voicing-ranking-strategies/voicing-ranking-strategies-idea.md → loom/guitar/voicing-ranking-strategies/idea.md
  loom/guitar/voicings-engine/chats/voicings-engine-chat-001.md → loom/guitar/voicings-engine/chats/chat-001.md
  loom/guitar/voicings-render-component/voicings-render-component-design.md → loom/guitar/voicings-render-component/design.md
  loom/guitar/voicings-render-component/voicings-render-component-idea.md → loom/guitar/voicings-render-component/idea.md
  loom/guitar/voicings-render-component/plans/voicings-render-component-plan-001.md → loom/guitar/voicings-render-component/plans/plan-001.md
  loom/guitar/voicings-render-component/chats/voicings-render-component-chat-001.md → loom/guitar/voicings-render-component/chats/chat-001.md
  loom/meta/general/chats/general-chat-001.md → loom/meta/general/chats/chat-001.md
  loom/meta/general/chats/general-chat-002.md → loom/meta/general/chats/chat-002.md
  loom/meta/general/chats/general-chat-003.md → loom/meta/general/chats/chat-003.md
  loom/meta/general/chats/general-chat-004.md → loom/meta/general/chats/chat-004.md
  loom/meta/general/chats/general-chat-005.md → loom/meta/general/chats/chat-005.md
  loom/meta/general/chats/general-chat-006.md → loom/meta/general/chats/chat-006.md
  loom/packages/content-catalog/content-catalog-design.md → loom/packages/content-catalog/design.md
  loom/packages/content-catalog/content-catalog-idea.md → loom/packages/content-catalog/idea.md
  loom/packages/content-catalog/plans/content-catalog-plan-001.md → loom/packages/content-catalog/plans/plan-001.md
  loom/packages/content-catalog/done/pl_01KTXKNDWB6S0EV90YGPMA8VMZ-done.md → loom/packages/content-catalog/done/plan-001-done.md
  loom/packages/content-catalog/chats/content-catalog-chat-001.md → loom/packages/content-catalog/chats/chat-001.md
  loom/packages/content-catalog/chats/content-catalog-chat-002.md → loom/packages/content-catalog/chats/chat-002.md
  loom/packages/default-pack/default-pack-design.md → loom/packages/default-pack/design.md
  loom/packages/default-pack/default-pack-idea.md → loom/packages/default-pack/idea.md
  loom/packages/default-pack/plans/default-pack-plan-001.md → loom/packages/default-pack/plans/plan-001.md
  loom/packages/default-pack/done/pl_01KV1NRXEQ3YJWJE6WQDKQE75Z-done.md → loom/packages/default-pack/done/plan-001-done.md
  loom/packages/default-pack/chats/default-pack-chat-001.md → loom/packages/default-pack/chats/chat-001.md
  loom/playback/soundfont-library/soundfont-library-design.md → loom/playback/soundfont-library/design.md
  loom/playback/soundfont-library/soundfont-library-idea.md → loom/playback/soundfont-library/idea.md
  loom/playback/soundfont-library/plans/soundfont-library-plan-001.md → loom/playback/soundfont-library/plans/plan-001.md
  loom/playback/soundfont-library/plans/soundfont-library-plan-002.md → loom/playback/soundfont-library/plans/plan-002.md
  loom/playback/soundfont-library/done/pl_01KV7NP49XN0CE351Q7YRAVJM3-done.md → loom/playback/soundfont-library/done/plan-001-done.md
  loom/playback/soundfont-library/chats/soundfont-library-chat-001.md → loom/playback/soundfont-library/chats/chat-001.md
  loom/playback/soundfont-library/chats/soundfont-library-chat-002.md → loom/playback/soundfont-library/chats/chat-002.md
  loom/release/guide-zip-bundle/guide-zip-bundle-design.md → loom/release/guide-zip-bundle/design.md
  loom/release/guide-zip-bundle/guide-zip-bundle-idea.md → loom/release/guide-zip-bundle/idea.md
  loom/release/guide-zip-bundle/plans/guide-zip-bundle-plan-001.md → loom/release/guide-zip-bundle/plans/plan-001.md
  loom/release/guide-zip-bundle/done/pl_01KVNJ67PM2YTDW9XKX5D88S76-done.md → loom/release/guide-zip-bundle/done/plan-001-done.md
  loom/release/guide-zip-bundle/chats/guide-zip-bundle-chat-001.md → loom/release/guide-zip-bundle/chats/chat-001.md
  loom/release/release-pipeline/release-pipeline-design.md → loom/release/release-pipeline/design.md
  loom/release/release-pipeline/plans/release-pipeline-plan-001.md → loom/release/release-pipeline/plans/plan-001.md
  loom/release/release-pipeline/done/pl_01KVB53F79XSMPYDHNY6KEP72K-done.md → loom/release/release-pipeline/done/plan-001-done.md
  loom/release/release-pipeline/chats/release-pipeline-chat-001.md → loom/release/release-pipeline/chats/chat-001.md
  loom/songbook/jazz-blues/jazz-blues-design.md → loom/songbook/jazz-blues/design.md
  loom/songbook/jazz-blues/jazz-blues-idea.md → loom/songbook/jazz-blues/idea.md
  loom/songbook/jazz-blues/chats/jazz-blues-chat-001.md → loom/songbook/jazz-blues/chats/chat-001.md
  loom/ui/alphatex-inspector/alphatex-inspector-idea.md → loom/ui/alphatex-inspector/idea.md
  loom/ui/alphatex-inspector/plans/alphatex-inspector-plan-001.md → loom/ui/alphatex-inspector/plans/plan-001.md
  loom/ui/alphatex-inspector/done/pl_01KV7G516WXBHC3ZACT70ZGBEH-done.md → loom/ui/alphatex-inspector/done/plan-001-done.md
  loom/ui/alphatex-inspector/chats/alphatex-inspector-chat-001.md → loom/ui/alphatex-inspector/chats/chat-001.md
  loom/ui/caged-chords/caged-chords-design.md → loom/ui/caged-chords/design.md
  loom/ui/caged-chords/caged-chords-idea.md → loom/ui/caged-chords/idea.md
  loom/ui/caged-chords/plans/caged-chords-plan-001.md → loom/ui/caged-chords/plans/plan-001.md
  loom/ui/caged-chords/plans/caged-chords-plan-002.md → loom/ui/caged-chords/plans/plan-002.md
  loom/ui/caged-chords/done/pl_01KVMZNE5YMVK02RTSSQKNTTAJ-done.md → loom/ui/caged-chords/done/plan-001-done.md
  loom/ui/caged-chords/done/pl_01KVNJ1NVTPK2WZ1EMZQ869CYB-done.md → loom/ui/caged-chords/done/plan-002-done.md
  loom/ui/caged-chords/chats/caged-chords-chat-001.md → loom/ui/caged-chords/chats/chat-001.md
  loom/ui/caged-chords/chats/caged-chords-chat-002.md → loom/ui/caged-chords/chats/chat-002.md
  loom/ui/caged-shapes/caged-shapes-idea.md → loom/ui/caged-shapes/idea.md
  loom/ui/caged-shapes/plans/caged-shapes-plan-001.md → loom/ui/caged-shapes/plans/plan-001.md
  loom/ui/caged-shapes/done/pl_01KVJE3TVR7Q3HKJQ1PA6TGVHD-done.md → loom/ui/caged-shapes/done/plan-001-done.md
  loom/ui/caged-shapes/chats/caged-shapes-chat-001.md → loom/ui/caged-shapes/chats/chat-001.md
  loom/ui/content-crud/content-crud-design.md → loom/ui/content-crud/design.md
  loom/ui/content-crud/content-crud-idea.md → loom/ui/content-crud/idea.md
  loom/ui/content-crud/plans/content-crud-plan-001.md → loom/ui/content-crud/plans/plan-001.md
  loom/ui/content-crud/done/pl_01KV551H40R2DG2S89BX78HP6G-done.md → loom/ui/content-crud/done/plan-001-done.md
  loom/ui/content-crud/chats/content-crud-chat-001.md → loom/ui/content-crud/chats/chat-001.md
  loom/ui/content-preview-comping/content-preview-comping-design.md → loom/ui/content-preview-comping/design.md
  loom/ui/content-preview-comping/content-preview-comping-idea.md → loom/ui/content-preview-comping/idea.md
  loom/ui/content-preview-comping/plans/content-preview-comping-plan-001.md → loom/ui/content-preview-comping/plans/plan-001.md
  loom/ui/content-preview-comping/done/pl_01KVSR3075H7FYRHH52533Y2F6-done.md → loom/ui/content-preview-comping/done/plan-001-done.md
  loom/ui/content-preview-comping/chats/content-preview-comping-chat-001.md → loom/ui/content-preview-comping/chats/chat-001.md
  loom/ui/debug-alphatex-view/debug-alphatex-view-design.md → loom/ui/debug-alphatex-view/design.md
  loom/ui/debug-alphatex-view/debug-alphatex-view-idea.md → loom/ui/debug-alphatex-view/idea.md
  loom/ui/debug-alphatex-view/plans/debug-alphatex-view-plan-001.md → loom/ui/debug-alphatex-view/plans/plan-001.md
  loom/ui/debug-alphatex-view/chats/debug-alphatex-view-chat-001.md → loom/ui/debug-alphatex-view/chats/chat-001.md
  loom/ui/dsl-monospace-font/dsl-monospace-font-idea.md → loom/ui/dsl-monospace-font/idea.md
  loom/ui/dsl-monospace-font/plans/dsl-monospace-font-plan-001.md → loom/ui/dsl-monospace-font/plans/plan-001.md
  loom/ui/dsl-monospace-font/done/pl_01KVX1TEWVSZC2KSWTPEZP2CQ0-done.md → loom/ui/dsl-monospace-font/done/plan-001-done.md
  loom/ui/dsl-monospace-font/chats/dsl-monospace-font-chat-001.md → loom/ui/dsl-monospace-font/chats/chat-001.md
  loom/ui/exercise-workbench/exercise-workbench-idea.md → loom/ui/exercise-workbench/idea.md
  loom/ui/exercise-workbench/plans/exercise-workbench-plan-001.md → loom/ui/exercise-workbench/plans/plan-001.md
  loom/ui/exercise-workbench/done/pl_01KV6HBBY93VRRX8QP7YPGQ3SW-done.md → loom/ui/exercise-workbench/done/plan-001-done.md
  loom/ui/exercise-workbench/chats/exercise-workbench-chat-001.md → loom/ui/exercise-workbench/chats/chat-001.md
  loom/ui/fixes-tweaks/chats/fixes-tweaks-chat-001.md → loom/ui/fixes-tweaks/chats/chat-001.md
  loom/ui/fretboard-fret-label-clip/fretboard-fret-label-clip-idea.md → loom/ui/fretboard-fret-label-clip/idea.md
  loom/ui/fretboard-fret-label-clip/plans/fretboard-fret-label-clip-plan-001.md → loom/ui/fretboard-fret-label-clip/plans/plan-001.md
  loom/ui/fretboard-fret-label-clip/chats/fretboard-fret-label-clip-chat-001.md → loom/ui/fretboard-fret-label-clip/chats/chat-001.md
  loom/ui/fretboard-render-component/fretboard-render-component-design.md → loom/ui/fretboard-render-component/design.md
  loom/ui/fretboard-render-component/plans/fretboard-render-component-plan-001.md → loom/ui/fretboard-render-component/plans/plan-001.md
  loom/ui/fretboard-render-component/done/pl_01KVBTK7DEVJYNZEQDSRXNVQNH-done.md → loom/ui/fretboard-render-component/done/plan-001-done.md
  loom/ui/fretboard-render-component/chats/fretboard-render-component-chat-001.md → loom/ui/fretboard-render-component/chats/chat-001.md
  loom/ui/fretboard-render-component/chats/fretboard-render-component-chat-002.md → loom/ui/fretboard-render-component/chats/chat-002.md
  loom/ui/fretr-theming-polish/fretr-theming-polish-design.md → loom/ui/fretr-theming-polish/design.md
  loom/ui/fretr-theming-polish/fretr-theming-polish-idea.md → loom/ui/fretr-theming-polish/idea.md
  loom/ui/fretr-theming-polish/plans/fretr-theming-polish-plan-001.md → loom/ui/fretr-theming-polish/plans/plan-001.md
  loom/ui/fretr-theming-polish/chats/fretr-theming-polish-chat-001.md → loom/ui/fretr-theming-polish/chats/chat-001.md
  loom/ui/intervals-scales/intervals-scales-idea.md → loom/ui/intervals-scales/idea.md
  loom/ui/intervals-scales/plans/intervals-scales-plan-001.md → loom/ui/intervals-scales/plans/plan-001.md
  loom/ui/intervals-scales/chats/intervals-scales-chat-001.md → loom/ui/intervals-scales/chats/chat-001.md
  loom/ui/now-next-fretboards/now-next-fretboards-design.md → loom/ui/now-next-fretboards/design.md
  loom/ui/now-next-fretboards/now-next-fretboards-idea.md → loom/ui/now-next-fretboards/idea.md
  loom/ui/now-next-fretboards/plans/now-next-fretboards-plan-001.md → loom/ui/now-next-fretboards/plans/plan-001.md
  loom/ui/now-next-fretboards/plans/now-next-fretboards-plan-002.md → loom/ui/now-next-fretboards/plans/plan-002.md
  loom/ui/now-next-fretboards/done/pl_01KVT08RFQN5ZES525DQKBWEWK-done.md → loom/ui/now-next-fretboards/done/plan-001-done.md
  loom/ui/now-next-fretboards/chats/now-next-fretboards-chat-001.md → loom/ui/now-next-fretboards/chats/chat-001.md
  loom/ui/now-next-fretboards/chats/now-next-fretboards-chat-002.md → loom/ui/now-next-fretboards/chats/chat-002.md
  loom/ui/play-ui-key-init/play-ui-key-init-design.md → loom/ui/play-ui-key-init/design.md
  loom/ui/play-ui-key-init/play-ui-key-init-idea.md → loom/ui/play-ui-key-init/idea.md
  loom/ui/play-ui-key-init/plans/play-ui-key-init-plan-001.md → loom/ui/play-ui-key-init/plans/plan-001.md
  loom/ui/play-ui-key-init/done/pl_01KVVB4YFN3HFMFAS9T1F7HVJ6-done.md → loom/ui/play-ui-key-init/done/plan-001-done.md
  loom/ui/play-ui-key-init/chats/play-ui-key-init-chat-001.md → loom/ui/play-ui-key-init/chats/chat-001.md
  loom/ui/score-render-component/score-render-component-design.md → loom/ui/score-render-component/design.md
  loom/ui/score-render-component/score-render-component-idea.md → loom/ui/score-render-component/idea.md
  loom/ui/score-render-component/plans/score-render-component-plan-001.md → loom/ui/score-render-component/plans/plan-001.md
  loom/ui/score-render-component/done/pl_01KV5DBCQS2W7AGFTRG3D3F8AZ-done.md → loom/ui/score-render-component/done/plan-001-done.md
  loom/ui/score-render-component/chats/score-render-component-chat-001.md → loom/ui/score-render-component/chats/chat-001.md
  loom/ui/staff-display-mode/staff-display-mode-design.md → loom/ui/staff-display-mode/design.md
  loom/ui/staff-display-mode/staff-display-mode-idea.md → loom/ui/staff-display-mode/idea.md
  loom/ui/staff-display-mode/plans/staff-display-mode-plan-001.md → loom/ui/staff-display-mode/plans/plan-001.md
  loom/ui/staff-display-mode/chats/staff-display-mode-chat-001.md → loom/ui/staff-display-mode/chats/chat-001.md
  loom/ui/voicings-pages-ia/voicings-pages-ia-idea.md → loom/ui/voicings-pages-ia/idea.md
